// Jest Snapshot v1, https://goo.gl/fbAQLP

exports[`renders correctly 1`] = `
<View
  onLayout={[Function]}
  style={
    Array [
      Object {
        "flex": 1,
      },
    ]
  }
>
  <View
    onMoveShouldSetResponder={[Function]}
    onMoveShouldSetResponderCapture={[Function]}
    onResponderEnd={[Function]}
    onResponderGrant={[Function]}
    onResponderMove={[Function]}
    onResponderReject={[Function]}
    onResponderRelease={[Function]}
    onResponderStart={[Function]}
    onResponderTerminate={[Function]}
    onResponderTerminationRequest={[Function]}
    onStartShouldSetResponder={[Function]}
    onStartShouldSetResponderCapture={[Function]}
    style={
      Array [
        Object {
          "flex": 1,
          "flexDirection": "column-reverse",
        },
        Object {
          "backgroundColor": "#000",
        },
      ]
    }
  >
    <View
      style={
        Object {
          "flex": 1,
        }
      }
    >
      <View
        collapsable={undefined}
        pointerEvents="auto"
        style={
          Object {
            "backgroundColor": "#EFEFF4",
            "bottom": 0,
            "left": 0,
            "opacity": 1,
            "position": "absolute",
            "right": 0,
            "shadowColor": "black",
            "shadowOffset": Object {
              "height": 0,
              "width": 0,
            },
            "shadowOpacity": 0.2,
            "shadowRadius": 5,
            "top": 0,
            "transform": Array [
              Object {
                "translateX": 0,
              },
              Object {
                "translateY": 0,
              },
            ],
          }
        }
      >
        <View
          loaded={
            Array [
              0,
            ]
          }
          onLayout={[Function]}
          style={
            Array [
              Object {
                "flex": 1,
                "overflow": "hidden",
              },
              Object {
                "flex": 1,
              },
            ]
          }
        >
          <View
            collapsable={undefined}
            onMoveShouldSetResponder={[Function]}
            onMoveShouldSetResponderCapture={[Function]}
            onResponderEnd={[Function]}
            onResponderGrant={[Function]}
            onResponderMove={[Function]}
            onResponderReject={[Function]}
            onResponderRelease={[Function]}
            onResponderStart={[Function]}
            onResponderTerminate={[Function]}
            onResponderTerminationRequest={[Function]}
            onStartShouldSetResponder={[Function]}
            onStartShouldSetResponderCapture={[Function]}
            style={
              Object {
                "alignItems": "stretch",
                "flex": 1,
                "flexDirection": "row",
              }
            }
          >
            <View
              style={
                Object {
                  "bottom": 0,
                  "left": 0,
                  "position": "absolute",
                  "right": 0,
                  "top": 0,
                }
              }
              testID={undefined}
            >
              <View
                collapsable={false}
                removeClippedSubviews={false}
                style={
                  Object {
                    "flex": 1,
                    "overflow": "hidden",
                  }
                }
              >
                <View
                  style={
                    Object {
                      "flex": 1,
                    }
                  }
                >
                  <RCTSafeAreaView
                    style={
                      Object {
                        "alignItems": "center",
                        "backgroundColor": "#fff",
                        "flex": 1,
                        "justifyContent": "center",
                      }
                    }
                  >
                    <Text
                      accessible={true}
                      allowFontScaling={true}
                      ellipsizeMode="tail"
                    >
                      This is the home screen
                    </Text>
                    <View
                      accessibilityComponentType="button"
                      accessibilityLabel={undefined}
                      accessibilityTraits={
                        Array [
                          "button",
                        ]
                      }
                      accessible={true}
                      collapsable={undefined}
                      hasTVPreferredFocus={undefined}
                      hitSlop={undefined}
                      isTVSelectable={true}
                      nativeID={undefined}
                      onLayout={undefined}
                      onResponderGrant={[Function]}
                      onResponderMove={[Function]}
                      onResponderRelease={[Function]}
                      onResponderTerminate={[Function]}
                      onResponderTerminationRequest={[Function]}
                      onStartShouldSetResponder={[Function]}
                      style={
                        Object {
                          "opacity": 1,
                        }
                      }
                      testID={undefined}
                      tvParallaxProperties={undefined}
                    >
                      <View
                        style={
                          Array [
                            Object {},
                          ]
                        }
                      >
                        <Text
                          accessible={true}
                          allowFontScaling={true}
                          disabled={undefined}
                          ellipsizeMode="tail"
                          style={
                            Array [
                              Object {
                                "color": "#007AFF",
                                "fontSize": 18,
                                "padding": 8,
                                "textAlign": "center",
                              },
                            ]
                          }
                        >
                          Settings screen
                        </Text>
                      </View>
                    </View>
                  </RCTSafeAreaView>
                </View>
              </View>
            </View>
            <View
              style={null}
              testID={undefined}
            />
          </View>
          <View
            collapsable={undefined}
            style={undefined}
          >
            <View
              collapsable={undefined}
              onLayout={[Function]}
              pointerEvents="box-none"
              style={
                Object {
                  "backgroundColor": "#F7F7F7",
                  "borderTopColor": "rgba(0, 0, 0, .3)",
                  "borderTopWidth": 0.5,
                  "flexDirection": "row",
                  "height": 49,
                  "paddingBottom": 0,
                  "paddingLeft": 0,
                  "paddingRight": 0,
                  "paddingTop": 0,
                }
              }
            >
              <View
                accessibilityComponentType={undefined}
                accessibilityLabel={undefined}
                accessibilityTraits={undefined}
                accessible={true}
                collapsable={undefined}
                hitSlop={undefined}
                nativeID={undefined}
                onLayout={undefined}
                onResponderGrant={[Function]}
                onResponderMove={[Function]}
                onResponderRelease={[Function]}
                onResponderTerminate={[Function]}
                onResponderTerminationRequest={[Function]}
                onStartShouldSetResponder={[Function]}
                style={
                  Object {
                    "alignItems": "center",
                    "backgroundColor": "rgba(0, 0, 0, 0)",
                    "flex": 1,
                  }
                }
                testID={undefined}
              >
                <View
                  style={
                    Array [
                      Object {
                        "alignItems": "center",
                        "flex": 1,
                      },
                      Object {
                        "flexDirection": "column",
                        "justifyContent": "flex-end",
                      },
                      undefined,
                    ]
                  }
                >
                  <View
                    style={
                      Object {
                        "flexGrow": 1,
                      }
                    }
                  >
                    <View
                      collapsable={undefined}
                      style={
                        Object {
                          "alignItems": "center",
                          "bottom": 0,
                          "justifyContent": "center",
                          "left": 0,
                          "opacity": 1,
                          "position": "absolute",
                          "right": 0,
                          "top": 0,
                        }
                      }
                    >
                      <Text
                        accessible={true}
                        allowFontScaling={true}
                        ellipsizeMode="tail"
                      />
                    </View>
                    <View
                      collapsable={undefined}
                      style={
                        Object {
                          "alignItems": "center",
                          "bottom": 0,
                          "justifyContent": "center",
                          "left": 0,
                          "opacity": 0,
                          "position": "absolute",
                          "right": 0,
                          "top": 0,
                        }
                      }
                    >
                      <Text
                        accessible={true}
                        allowFontScaling={true}
                        ellipsizeMode="tail"
                      />
                    </View>
                  </View>
                  <Text
                    accessible={true}
                    allowFontScaling={true}
                    collapsable={undefined}
                    ellipsizeMode="tail"
                    numberOfLines={1}
                    style={
                      Object {
                        "backgroundColor": "transparent",
                        "color": "rgba(0, 0, 0, 1)",
                        "fontSize": 10,
                        "marginBottom": 1.5,
                        "textAlign": "center",
                      }
                    }
                  >
                    Home
                  </Text>
                </View>
              </View>
              <View
                accessibilityComponentType={undefined}
                accessibilityLabel={undefined}
                accessibilityTraits={undefined}
                accessible={true}
                collapsable={undefined}
                hitSlop={undefined}
                nativeID={undefined}
                onLayout={undefined}
                onResponderGrant={[Function]}
                onResponderMove={[Function]}
                onResponderRelease={[Function]}
                onResponderTerminate={[Function]}
                onResponderTerminationRequest={[Function]}
                onStartShouldSetResponder={[Function]}
                style={
                  Object {
                    "alignItems": "center",
                    "backgroundColor": "rgba(0, 0, 0, 0)",
                    "flex": 1,
                  }
                }
                testID={undefined}
              >
                <View
                  style={
                    Array [
                      Object {
                        "alignItems": "center",
                        "flex": 1,
                      },
                      Object {
                        "flexDirection": "column",
                        "justifyContent": "flex-end",
                      },
                      undefined,
                    ]
                  }
                >
                  <View
                    style={
                      Object {
                        "flexGrow": 1,
                      }
                    }
                  >
                    <View
                      collapsable={undefined}
                      style={
                        Object {
                          "alignItems": "center",
                          "bottom": 0,
                          "justifyContent": "center",
                          "left": 0,
                          "opacity": 0,
                          "position": "absolute",
                          "right": 0,
                          "top": 0,
                        }
                      }
                    >
                      <Text
                        accessible={true}
                        allowFontScaling={true}
                        ellipsizeMode="tail"
                      />
                    </View>
                    <View
                      collapsable={undefined}
                      style={
                        Object {
                          "alignItems": "center",
                          "bottom": 0,
                          "justifyContent": "center",
                          "left": 0,
                          "opacity": 1,
                          "position": "absolute",
                          "right": 0,
                          "top": 0,
                        }
                      }
                    >
                      <Text
                        accessible={true}
                        allowFontScaling={true}
                        ellipsizeMode="tail"
                      />
                    </View>
                  </View>
                  <Text
                    accessible={true}
                    allowFontScaling={true}
                    collapsable={undefined}
                    ellipsizeMode="tail"
                    numberOfLines={1}
                    style={
                      Object {
                        "backgroundColor": "transparent",
                        "color": "rgba(169, 169, 169, 1)",
                        "fontSize": 10,
                        "marginBottom": 1.5,
                        "textAlign": "center",
                      }
                    }
                  >
                    List
                  </Text>
                </View>
              </View>
            </View>
          </View>
        </View>
      </View>
    </View>
    <View
      collapsable={undefined}
      onLayout={[Function]}
      pointerEvents="box-none"
      style={
        Object {
          "backgroundColor": "#F7F7F7",
          "borderBottomColor": "#A7A7AA",
          "borderBottomWidth": 0.5,
          "height": 64,
          "paddingBottom": 0,
          "paddingLeft": 0,
          "paddingRight": 0,
          "paddingTop": 20,
        }
      }
    >
      <View
        style={
          Object {
            "bottom": 0,
            "left": 0,
            "position": "absolute",
            "right": 0,
            "top": 0,
          }
        }
      />
      <View
        style={
          Object {
            "flex": 1,
          }
        }
      >
        <View
          style={
            Object {
              "bottom": 0,
              "flexDirection": "row",
              "left": 0,
              "position": "absolute",
              "right": 0,
              "top": 0,
            }
          }
        >
          <View
            collapsable={undefined}
            pointerEvents="box-none"
            style={
              Object {
                "alignItems": "center",
                "backgroundColor": "transparent",
                "bottom": 0,
                "flexDirection": "row",
                "justifyContent": "center",
                "left": 0,
                "opacity": 1,
                "position": "absolute",
                "right": 0,
                "top": 0,
              }
            }
          >
            <Text
              accessibilityTraits="header"
              accessible={true}
              allowFontScaling={true}
              collapsable={undefined}
              ellipsizeMode="tail"
              numberOfLines={1}
              onLayout={[Function]}
              style={
                Object {
                  "color": "rgba(0, 0, 0, .9)",
                  "fontSize": 17,
                  "fontWeight": "700",
                  "marginHorizontal": 16,
                  "textAlign": "center",
                }
              }
            >
              Home
            </Text>
          </View>
        </View>
      </View>
    </View>
  </View>
</View>
`;
